// Jest Snapshot v1, https://goo.gl/fbAQLP

exports[`App renders 1`] = `
<main
  className={
    Object {
      "data-css-hzy630": "",
    }
  }
>
  <Hero
    reasonProps={
      Array [
        Array [
          "Hero",
          [Function],
          Array [
            0,
          ],
          [Function],
          [Function],
          [Function],
          [Function],
          [Function],
          [Function],
          [Function],
          [Function],
          0,
          [Function],
          0,
        ],
      ]
    }
  />
  <Calculator
    reasonProps={
      Array [
        Array [
          "Calculator",
          [Function],
          Array [
            0,
          ],
          [Function],
          [Function],
          [Function],
          [Function],
          [Function],
          [Function],
          [Function],
          [Function],
          0,
          [Function],
          0,
        ],
      ]
    }
  />
</main>
`;
