// Jest Snapshot v1, https://goo.gl/fbAQLP

exports[`Buttons renders 1`] = `
<div>
  <ButtonGroup
    reasonProps={
      Array [
        Array [
          "ButtonGroup",
          [Function],
          Array [
            0,
          ],
          [Function],
          [Function],
          [Function],
          [Function],
          [Function],
          [Function],
          [Function],
          [Function],
          0,
          [Function],
          0,
        ],
      ]
    }
  />
  <ButtonGroup
    reasonProps={
      Array [
        Array [
          "ButtonGroup",
          [Function],
          Array [
            0,
          ],
          [Function],
          [Function],
          [Function],
          [Function],
          [Function],
          [Function],
          [Function],
          [Function],
          0,
          [Function],
          0,
        ],
      ]
    }
  />
  <ButtonGroup
    reasonProps={
      Array [
        Array [
          "ButtonGroup",
          [Function],
          Array [
            0,
          ],
          [Function],
          [Function],
          [Function],
          [Function],
          [Function],
          [Function],
          [Function],
          [Function],
          0,
          [Function],
          0,
        ],
      ]
    }
  />
  <ButtonGroup
    reasonProps={
      Array [
        Array [
          "ButtonGroup",
          [Function],
          Array [
            0,
          ],
          [Function],
          [Function],
          [Function],
          [Function],
          [Function],
          [Function],
          [Function],
          [Function],
          0,
          [Function],
          0,
        ],
      ]
    }
  />
  <ButtonGroup
    reasonProps={
      Array [
        Array [
          "ButtonGroup",
          [Function],
          Array [
            0,
          ],
          [Function],
          [Function],
          [Function],
          [Function],
          [Function],
          [Function],
          [Function],
          [Function],
          0,
          [Function],
          0,
        ],
      ]
    }
  />
</div>
`;
