// Jest Snapshot v1, https://goo.gl/fbAQLP

exports[`Features renders 1`] = `
<div
  className={
    Object {
      "data-css-186mv4h": "",
    }
  }
>
  <Feature
    reasonProps={
      Array [
        Array [
          "Feature",
          [Function],
          Array [
            0,
          ],
          [Function],
          [Function],
          [Function],
          [Function],
          [Function],
          [Function],
          [Function],
          [Function],
          0,
          [Function],
          0,
        ],
      ]
    }
  />
  <Feature
    reasonProps={
      Array [
        Array [
          "Feature",
          [Function],
          Array [
            0,
          ],
          [Function],
          [Function],
          [Function],
          [Function],
          [Function],
          [Function],
          [Function],
          [Function],
          0,
          [Function],
          0,
        ],
      ]
    }
  />
  <Feature
    reasonProps={
      Array [
        Array [
          "Feature",
          [Function],
          Array [
            0,
          ],
          [Function],
          [Function],
          [Function],
          [Function],
          [Function],
          [Function],
          [Function],
          [Function],
          0,
          [Function],
          0,
        ],
      ]
    }
  />
  <Feature
    reasonProps={
      Array [
        Array [
          "Feature",
          [Function],
          Array [
            0,
          ],
          [Function],
          [Function],
          [Function],
          [Function],
          [Function],
          [Function],
          [Function],
          [Function],
          0,
          [Function],
          0,
        ],
      ]
    }
  />
  <Feature
    reasonProps={
      Array [
        Array [
          "Feature",
          [Function],
          Array [
            0,
          ],
          [Function],
          [Function],
          [Function],
          [Function],
          [Function],
          [Function],
          [Function],
          [Function],
          0,
          [Function],
          0,
        ],
      ]
    }
  />
  <Feature
    reasonProps={
      Array [
        Array [
          "Feature",
          [Function],
          Array [
            0,
          ],
          [Function],
          [Function],
          [Function],
          [Function],
          [Function],
          [Function],
          [Function],
          [Function],
          0,
          [Function],
          0,
        ],
      ]
    }
  />
</div>
`;
