// Jest Snapshot v1, https://goo.gl/fbAQLP

exports[`GreenButton renders 1`] = `
<OperationButton
  reasonProps={
    Array [
      Array [
        "OperationButton",
        [Function],
        Array [
          0,
        ],
        [Function],
        [Function],
        [Function],
        [Function],
        [Function],
        [Function],
        [Function],
        [Function],
        0,
        [Function],
        0,
      ],
    ]
  }
/>
`;

exports[`GreenButton renders a class name 1`] = `
<OperationButton
  reasonProps={
    Array [
      Array [
        "OperationButton",
        [Function],
        Array [
          0,
        ],
        [Function],
        [Function],
        [Function],
        [Function],
        [Function],
        [Function],
        [Function],
        [Function],
        0,
        [Function],
        0,
      ],
    ]
  }
/>
`;
