// Jest Snapshot v1, https://goo.gl/fbAQLP

exports[`Hero renders 1`] = `
<div
  className="css-owdkhh css-1rfi9k7"
>
  <Title
    reasonProps={
      Array [
        Array [
          "Title",
          [Function],
          Array [
            0,
          ],
          [Function],
          [Function],
          [Function],
          [Function],
          [Function],
          [Function],
          [Function],
          [Function],
          0,
          [Function],
          0,
        ],
      ]
    }
  />
  <Features
    reasonProps={
      Array [
        Array [
          "Features",
          [Function],
          Array [
            0,
          ],
          [Function],
          [Function],
          [Function],
          [Function],
          [Function],
          [Function],
          [Function],
          [Function],
          0,
          [Function],
          0,
        ],
      ]
    }
  />
</div>
`;
