// Jest Snapshot v1, https://goo.gl/fbAQLP

exports[`Soon renders 1`] = `
<Svg
  reasonProps={
    Array [
      Array [
        "Svg",
        [Function],
        Array [
          0,
        ],
        [Function],
        [Function],
        [Function],
        [Function],
        [Function],
        [Function],
        [Function],
        [Function],
        0,
        [Function],
        0,
      ],
    ]
  }
/>
`;
